.#^...#W....#H.......#H........H#H..........#W.........#^...........#^.........#W.........#^.....#W.
.#^...#W....#H.......#H........H#H..........#W.........#^...........#^.........#W.........#^.....#W.
.#^...#W....#H.......#H........H#H..........#W.........#^...........#^.........#W.........#^.....#W.
.#^...#W....#H.......#H........H#H..........#W.........#^...........#^.........#W.........#^.....#W.
.#^...#W....#H.......#H........H#H..........#W.........#^...........#^.........#W.........#^.....#W.
.#....#.....#........#..........#...........#..........#............#..........#..........#......#..
.#....#.....#........#..........#...........#..........#............#..........#..........#......#..
.#....#.....#........#..........#...........#..........#............#..........#..........#......#..
.#....#.....#........#..........#...........#..........#............#..........#..........#......#..
.#....#.....#........#..........#...........#..........#............#..........#..........#......#..
####################################################################################################
....#....#.....#...#....#...#......#....#......#...#......#.....#.......#...#.....#....#.....#......
....#....#.....#...#....#...#......#....#......#...#......#.....#.......#...#.....#....#.....#......
....#....#.....#...#....#...#......#....#......#...#......#.....#.......#...#.....#....#.....#......
....#....#.....#...#....#...#......#....#......#...#......#.....#.......#...#.....#....#.....#......
....#....#.....#...#....#...#......#....#......#...#......#.....#.......#...#.....#....#.....#......
....#....#.....#...#....#...#......#....#......#...#......#.....#.......#...#.....#....#.....#......
....#....#.....#...#....#...#......#....#......#...#......#.....#.......#...#.....#....#.....#......
....#....#.....#...#....#...#......#....#......#...#......#.....#.......#...#.....#....#.....#......
....#....#.....#...#....#...#......#....#......#...#......#.....#.......#...#.....#....#.....#......
....#....#.....#...#....#...#......#....#......#...#......#.....#.......#...#.....#....#.....#H.....
...W#...W#....^#...#....#^..#.....^#....#W.....#...#W....^#.....#W......#...#W....#W...#.....#H.....
...W#...W#....^#...#....#^..#.....^#....#W.....#...#W....^#.....#W......#...#W....#W...#.....#H.....
...W#...W#....^#...#....#^..#.....^#....#W.....#...#W....^#.....#W......#...#W....#W...#.....#H.....
...W#...W#....^#...#....#^..#.....^#....#W.....#...#W....^#.....#W......#...#W....#W...#.....#H.....
